11:26:26 **** Incremental Build of configuration Debug for project led1 ****
make all 
Building file: ../main.c
Invoking: AVR Compiler
avr-gcc -Wall -g2 -gstabs -O0 -fpack-struct -fshort-enums -ffunction-sections -fdata-sections -std=gnu99 -funsigned-char -funsigned-bitfields -mmcu=atmega32 -DF_CPU=8000000UL -MMD -MP -MF"main.d" -MT"main.o" -c -o "main.o" "../main.c"
Finished building: ../main.c
 
Building target: led1.elf
Invoking: AVR C Linker
avr-gcc -Wl,-Map,led1.map -mmcu=atmega32 -o "led1.elf"  ./main.o   
Finished building target: led1.elf
 
Invoking: AVR Create Extended Listing
avr-objdump -h -S led1.elf  >"led1.lss"
Finished building: led1.lss
 
Create Flash image (ihex format)
avr-objcopy -R .eeprom -R .fuse -R .lock -R .signature -O ihex led1.elf  "led1.hex"
Finished building: led1.hex
 
Invoking: Print Size
avr-size --format=avr --mcu=atmega32 led1.elf
AVR Memory Usage
----------------
Device: atmega32

Program:     138 bytes (0.4% Full)
(.text + .data + .bootloader)

Data:          0 bytes (0.0% Full)
(.data + .bss + .noinit)


Finished building: sizedummy
 

11:26:29 Build Finished (took 2s.974ms)

