Archive member included because of file (symbol)

c:/users/loq/desktop/iti/imt_sdk_win_64/imt_sdk_win_64/winavr/bin/../lib/gcc/avr/4.3.3/avr5\libgcc.a(_udivmodsi4.o)
                              ./HAL/LCD/LCD_prg.o (__udivmodsi4)
c:/users/loq/desktop/iti/imt_sdk_win_64/imt_sdk_win_64/winavr/bin/../lib/gcc/avr/4.3.3/avr5\libgcc.a(_exit.o)
                              c:/users/loq/desktop/iti/imt_sdk_win_64/imt_sdk_win_64/winavr/bin/../lib/gcc/avr/4.3.3/../../../../avr/lib/avr5/crtm32.o (exit)
c:/users/loq/desktop/iti/imt_sdk_win_64/imt_sdk_win_64/winavr/bin/../lib/gcc/avr/4.3.3/avr5\libgcc.a(_copy_data.o)
                              ./HAL/SSD/SSD_prg.o (__do_copy_data)
c:/users/loq/desktop/iti/imt_sdk_win_64/imt_sdk_win_64/winavr/bin/../lib/gcc/avr/4.3.3/avr5\libgcc.a(_clear_bss.o)
                              ./RTOS/RTOS_prg.o (__do_clear_bss)
c:/users/loq/desktop/iti/imt_sdk_win_64/imt_sdk_win_64/winavr/bin/../lib/gcc/avr/4.3.3/avr5\libgcc.a(_fixunssfsi.o)
                              ./HAL/STEPPER/STEPPER_prg.o (__fixunssfsi)
c:/users/loq/desktop/iti/imt_sdk_win_64/imt_sdk_win_64/winavr/bin/../lib/gcc/avr/4.3.3/avr5\libgcc.a(_addsub_sf.o)
                              c:/users/loq/desktop/iti/imt_sdk_win_64/imt_sdk_win_64/winavr/bin/../lib/gcc/avr/4.3.3/avr5\libgcc.a(_fixunssfsi.o) (__subsf3)
c:/users/loq/desktop/iti/imt_sdk_win_64/imt_sdk_win_64/winavr/bin/../lib/gcc/avr/4.3.3/avr5\libgcc.a(_mul_sf.o)
                              ./HAL/STEPPER/STEPPER_prg.o (__mulsf3)
c:/users/loq/desktop/iti/imt_sdk_win_64/imt_sdk_win_64/winavr/bin/../lib/gcc/avr/4.3.3/avr5\libgcc.a(_gt_sf.o)
                              ./HAL/STEPPER/STEPPER_prg.o (__gtsf2)
c:/users/loq/desktop/iti/imt_sdk_win_64/imt_sdk_win_64/winavr/bin/../lib/gcc/avr/4.3.3/avr5\libgcc.a(_ge_sf.o)
                              c:/users/loq/desktop/iti/imt_sdk_win_64/imt_sdk_win_64/winavr/bin/../lib/gcc/avr/4.3.3/avr5\libgcc.a(_fixunssfsi.o) (__gesf2)
c:/users/loq/desktop/iti/imt_sdk_win_64/imt_sdk_win_64/winavr/bin/../lib/gcc/avr/4.3.3/avr5\libgcc.a(_lt_sf.o)
                              ./HAL/STEPPER/STEPPER_prg.o (__ltsf2)
c:/users/loq/desktop/iti/imt_sdk_win_64/imt_sdk_win_64/winavr/bin/../lib/gcc/avr/4.3.3/avr5\libgcc.a(_sf_to_si.o)
                              c:/users/loq/desktop/iti/imt_sdk_win_64/imt_sdk_win_64/winavr/bin/../lib/gcc/avr/4.3.3/avr5\libgcc.a(_fixunssfsi.o) (__fixsfsi)
c:/users/loq/desktop/iti/imt_sdk_win_64/imt_sdk_win_64/winavr/bin/../lib/gcc/avr/4.3.3/avr5\libgcc.a(_thenan_sf.o)
                              c:/users/loq/desktop/iti/imt_sdk_win_64/imt_sdk_win_64/winavr/bin/../lib/gcc/avr/4.3.3/avr5\libgcc.a(_addsub_sf.o) (__thenan_sf)
c:/users/loq/desktop/iti/imt_sdk_win_64/imt_sdk_win_64/winavr/bin/../lib/gcc/avr/4.3.3/avr5\libgcc.a(_prologue.o)
                              c:/users/loq/desktop/iti/imt_sdk_win_64/imt_sdk_win_64/winavr/bin/../lib/gcc/avr/4.3.3/avr5\libgcc.a(_addsub_sf.o) (__prologue_saves__)
c:/users/loq/desktop/iti/imt_sdk_win_64/imt_sdk_win_64/winavr/bin/../lib/gcc/avr/4.3.3/avr5\libgcc.a(_epilogue.o)
                              c:/users/loq/desktop/iti/imt_sdk_win_64/imt_sdk_win_64/winavr/bin/../lib/gcc/avr/4.3.3/avr5\libgcc.a(_addsub_sf.o) (__epilogue_restores__)
c:/users/loq/desktop/iti/imt_sdk_win_64/imt_sdk_win_64/winavr/bin/../lib/gcc/avr/4.3.3/avr5\libgcc.a(_pack_sf.o)
                              c:/users/loq/desktop/iti/imt_sdk_win_64/imt_sdk_win_64/winavr/bin/../lib/gcc/avr/4.3.3/avr5\libgcc.a(_addsub_sf.o) (__pack_f)
c:/users/loq/desktop/iti/imt_sdk_win_64/imt_sdk_win_64/winavr/bin/../lib/gcc/avr/4.3.3/avr5\libgcc.a(_unpack_sf.o)
                              c:/users/loq/desktop/iti/imt_sdk_win_64/imt_sdk_win_64/winavr/bin/../lib/gcc/avr/4.3.3/avr5\libgcc.a(_addsub_sf.o) (__unpack_f)
c:/users/loq/desktop/iti/imt_sdk_win_64/imt_sdk_win_64/winavr/bin/../lib/gcc/avr/4.3.3/avr5\libgcc.a(_fpcmp_parts_sf.o)
                              c:/users/loq/desktop/iti/imt_sdk_win_64/imt_sdk_win_64/winavr/bin/../lib/gcc/avr/4.3.3/avr5\libgcc.a(_gt_sf.o) (__fpcmp_parts_f)
c:/users/loq/desktop/iti/imt_sdk_win_64/imt_sdk_win_64/winavr/bin/../lib/gcc/avr/4.3.3/../../../../avr/lib/avr5\libc.a(memcpy.o)
                              ./FreeRTOS/queue.o (memcpy)
c:/users/loq/desktop/iti/imt_sdk_win_64/imt_sdk_win_64/winavr/bin/../lib/gcc/avr/4.3.3/../../../../avr/lib/avr5\libc.a(memset.o)
                              ./FreeRTOS/tasks.o (memset)
c:/users/loq/desktop/iti/imt_sdk_win_64/imt_sdk_win_64/winavr/bin/../lib/gcc/avr/4.3.3/../../../../avr/lib/avr5\libc.a(strncpy.o)
                              ./FreeRTOS/tasks.o (strncpy)

Memory Configuration

Name             Origin             Length             Attributes
text             0x00000000         0x00020000         xr
data             0x00800060         0x0000ffa0         rw !x
eeprom           0x00810000         0x00010000         rw !x
fuse             0x00820000         0x00000400         rw !x
lock             0x00830000         0x00000400         rw !x
signature        0x00840000         0x00000400         rw !x
*default*        0x00000000         0xffffffff

Linker script and memory map

LOAD c:/users/loq/desktop/iti/imt_sdk_win_64/imt_sdk_win_64/winavr/bin/../lib/gcc/avr/4.3.3/../../../../avr/lib/avr5/crtm32.o
LOAD ./RTOS/RTOS_prg.o
LOAD ./MCAL/WDT/WDT_prg.o
LOAD ./MCAL/UART/UART_prg.o
LOAD ./MCAL/TWI/TWI_prg.o
LOAD ./MCAL/TIMER/TIMER_prg.o
LOAD ./MCAL/SPI/SPI_prg.o
LOAD ./MCAL/GIE/GIE_prg.o
LOAD ./MCAL/EXTI/EXTI_prg.o
LOAD ./MCAL/DIO/DIO_prg.o
LOAD ./MCAL/ADC/ADC_prg.o
LOAD ./HAL/STEPPER/STEPPER_prg.o
LOAD ./HAL/SSD/SSD_prg.o
LOAD ./HAL/LCD/LCD_prg.o
LOAD ./HAL/KPD/KPD_prg.o
LOAD ./FreeRTOS/croutine.o
LOAD ./FreeRTOS/heap_1.o
LOAD ./FreeRTOS/list.o
LOAD ./FreeRTOS/port.o
LOAD ./FreeRTOS/queue.o
LOAD ./FreeRTOS/tasks.o
LOAD ./FreeRTOS/timers.o
LOAD ./APP/DC_motor.o
LOAD ./APP/FreeARTOS_lab.o
LOAD ./APP/Interrupt.o
LOAD ./APP/KPD_ASS.o
LOAD ./APP/LCD_CHAR.o
LOAD ./APP/LCD_ICU.o
LOAD ./APP/SPI.o
LOAD ./APP/TIMERS.o
LOAD ./APP/UART_LAD.o
LOAD ./APP/as_dc_EXTI.o
LOAD ./APP/buzzer_timer1_adc.o
LOAD ./APP/deep_switch.o
LOAD ./APP/keypad.o
LOAD ./APP/labs.o
LOAD ./APP/led_pwm.o
LOAD ./APP/main.o
LOAD ./APP/push_bottom.o
LOAD ./APP/servo_pwm.o
LOAD ./APP/sev_seg.o
LOAD ./APP/stepper_motor.o
LOAD ./APP/temp_read.o
LOAD ./APP/timer_lab.o
LOAD ./APP/wdt.o
LOAD c:/users/loq/desktop/iti/imt_sdk_win_64/imt_sdk_win_64/winavr/bin/../lib/gcc/avr/4.3.3/avr5\libgcc.a
LOAD c:/users/loq/desktop/iti/imt_sdk_win_64/imt_sdk_win_64/winavr/bin/../lib/gcc/avr/4.3.3/../../../../avr/lib/avr5\libc.a
LOAD c:/users/loq/desktop/iti/imt_sdk_win_64/imt_sdk_win_64/winavr/bin/../lib/gcc/avr/4.3.3/avr5\libgcc.a

.hash
 *(.hash)

.dynsym
 *(.dynsym)

.dynstr
 *(.dynstr)

.gnu.version
 *(.gnu.version)

.gnu.version_d
 *(.gnu.version_d)

.gnu.version_r
 *(.gnu.version_r)

.rel.init
 *(.rel.init)

.rela.init
 *(.rela.init)

.rel.text
 *(.rel.text)
 *(.rel.text.*)
 *(.rel.gnu.linkonce.t*)

.rela.text
 *(.rela.text)
 *(.rela.text.*)
 *(.rela.gnu.linkonce.t*)

.rel.fini
 *(.rel.fini)

.rela.fini
 *(.rela.fini)

.rel.rodata
 *(.rel.rodata)
 *(.rel.rodata.*)
 *(.rel.gnu.linkonce.r*)

.rela.rodata
 *(.rela.rodata)
 *(.rela.rodata.*)
 *(.rela.gnu.linkonce.r*)

.rel.data
 *(.rel.data)
 *(.rel.data.*)
 *(.rel.gnu.linkonce.d*)

.rela.data
 *(.rela.data)
 *(.rela.data.*)
 *(.rela.gnu.linkonce.d*)

.rel.ctors
 *(.rel.ctors)

.rela.ctors
 *(.rela.ctors)

.rel.dtors
 *(.rel.dtors)

.rela.dtors
 *(.rela.dtors)

.rel.got
 *(.rel.got)

.rela.got
 *(.rela.got)

.rel.bss
 *(.rel.bss)

.rela.bss
 *(.rela.bss)

.rel.plt
 *(.rel.plt)

.rela.plt
 *(.rela.plt)

.text           0x00000000     0x6426
 *(.vectors)
 .vectors       0x00000000       0x54 c:/users/loq/desktop/iti/imt_sdk_win_64/imt_sdk_win_64/winavr/bin/../lib/gcc/avr/4.3.3/../../../../avr/lib/avr5/crtm32.o
                0x00000000                __vectors
                0x00000000                __vector_default
 *(.vectors)
 *(.progmem.gcc*)
 *(.progmem*)
                0x00000054                . = ALIGN (0x2)
                0x00000054                __trampolines_start = .
 *(.trampolines)
 .trampolines   0x00000054        0x0 linker stubs
 *(.trampolines*)
                0x00000054                __trampolines_end = .
 *(.jumptables)
 *(.jumptables*)
 *(.lowtext)
 *(.lowtext*)
                0x00000054                __ctors_start = .
 *(.ctors)
                0x00000054                __ctors_end = .
                0x00000054                __dtors_start = .
 *(.dtors)
                0x00000054                __dtors_end = .
 SORT(*)(.ctors)
 SORT(*)(.dtors)
 *(.init0)
 .init0         0x00000054        0x0 c:/users/loq/desktop/iti/imt_sdk_win_64/imt_sdk_win_64/winavr/bin/../lib/gcc/avr/4.3.3/../../../../avr/lib/avr5/crtm32.o
                0x00000054                __init
 *(.init0)
 *(.init1)
 *(.init1)
 *(.init2)
 .init2         0x00000054        0xc c:/users/loq/desktop/iti/imt_sdk_win_64/imt_sdk_win_64/winavr/bin/../lib/gcc/avr/4.3.3/../../../../avr/lib/avr5/crtm32.o
 *(.init2)
 *(.init3)
 *(.init3)
 *(.init4)
 .init4         0x00000060       0x16 c:/users/loq/desktop/iti/imt_sdk_win_64/imt_sdk_win_64/winavr/bin/../lib/gcc/avr/4.3.3/avr5\libgcc.a(_copy_data.o)
                0x00000060                __do_copy_data
 .init4         0x00000076       0x10 c:/users/loq/desktop/iti/imt_sdk_win_64/imt_sdk_win_64/winavr/bin/../lib/gcc/avr/4.3.3/avr5\libgcc.a(_clear_bss.o)
                0x00000076                __do_clear_bss
 *(.init4)
 *(.init5)
 *(.init5)
 *(.init6)
 *(.init6)
 *(.init7)
 *(.init7)
 *(.init8)
 *(.init8)
 *(.init9)
 .init9         0x00000086        0x8 c:/users/loq/desktop/iti/imt_sdk_win_64/imt_sdk_win_64/winavr/bin/../lib/gcc/avr/4.3.3/../../../../avr/lib/avr5/crtm32.o
 *(.init9)
 *(.text)
 .text          0x0000008e        0x4 c:/users/loq/desktop/iti/imt_sdk_win_64/imt_sdk_win_64/winavr/bin/../lib/gcc/avr/4.3.3/../../../../avr/lib/avr5/crtm32.o
                0x0000008e                __vector_12
                0x0000008e                __bad_interrupt
                0x0000008e                __vector_13
                0x0000008e                __vector_17
                0x0000008e                __vector_19
                0x0000008e                __vector_5
                0x0000008e                __vector_4
                0x0000008e                __vector_9
                0x0000008e                __vector_15
                0x0000008e                __vector_8
                0x0000008e                __vector_14
                0x0000008e                __vector_16
                0x0000008e                __vector_18
                0x0000008e                __vector_20
 .text          0x00000092        0x0 ./RTOS/RTOS_prg.o
 .text          0x00000092        0x0 ./MCAL/WDT/WDT_prg.o
 .text          0x00000092        0x0 ./MCAL/UART/UART_prg.o
 .text          0x00000092        0x0 ./MCAL/TWI/TWI_prg.o
 .text          0x00000092        0x0 ./MCAL/TIMER/TIMER_prg.o
 .text          0x00000092        0x0 ./MCAL/SPI/SPI_prg.o
 .text          0x00000092        0x0 ./MCAL/GIE/GIE_prg.o
 .text          0x00000092        0x0 ./MCAL/EXTI/EXTI_prg.o
 .text          0x00000092        0x0 ./MCAL/DIO/DIO_prg.o
 .text          0x00000092        0x0 ./MCAL/ADC/ADC_prg.o
 .text          0x00000092        0x0 ./HAL/STEPPER/STEPPER_prg.o
 .text          0x00000092        0x0 ./HAL/SSD/SSD_prg.o
 .text          0x00000092        0x0 ./HAL/LCD/LCD_prg.o
 .text          0x00000092        0x0 ./HAL/KPD/KPD_prg.o
 .text          0x00000092        0x0 ./FreeRTOS/croutine.o
 .text          0x00000092        0x0 ./FreeRTOS/heap_1.o
 .text          0x00000092        0x0 ./FreeRTOS/list.o
 .text          0x00000092        0x0 ./FreeRTOS/port.o
 .text          0x00000092        0x0 ./FreeRTOS/queue.o
 .text          0x00000092        0x0 ./FreeRTOS/tasks.o
 .text          0x00000092        0x0 ./FreeRTOS/timers.o
 .text          0x00000092        0x0 ./APP/DC_motor.o
 .text          0x00000092        0x0 ./APP/FreeARTOS_lab.o
 .text          0x00000092        0x0 ./APP/Interrupt.o
 .text          0x00000092        0x0 ./APP/KPD_ASS.o
 .text          0x00000092        0x0 ./APP/LCD_CHAR.o
 .text          0x00000092        0x0 ./APP/LCD_ICU.o
 .text          0x00000092        0x0 ./APP/SPI.o
 .text          0x00000092        0x0 ./APP/TIMERS.o
 .text          0x00000092        0x0 ./APP/UART_LAD.o
 .text          0x00000092        0x0 ./APP/as_dc_EXTI.o
 .text          0x00000092        0x0 ./APP/buzzer_timer1_adc.o
 .text          0x00000092        0x0 ./APP/deep_switch.o
 .text          0x00000092        0x0 ./APP/keypad.o
 .text          0x00000092        0x0 ./APP/labs.o
 .text          0x00000092        0x0 ./APP/led_pwm.o
 .text          0x00000092        0x0 ./APP/main.o
 .text          0x00000092        0x0 ./APP/push_bottom.o
 .text          0x00000092        0x0 ./APP/servo_pwm.o
 .text          0x00000092        0x0 ./APP/sev_seg.o
 .text          0x00000092        0x0 ./APP/stepper_motor.o
 .text          0x00000092        0x0 ./APP/temp_read.o
 .text          0x00000092        0x0 ./APP/timer_lab.o
 .text          0x00000092        0x0 ./APP/wdt.o
 .text          0x00000092        0x0 c:/users/loq/desktop/iti/imt_sdk_win_64/imt_sdk_win_64/winavr/bin/../lib/gcc/avr/4.3.3/avr5\libgcc.a(_udivmodsi4.o)
 .text          0x00000092        0x0 c:/users/loq/desktop/iti/imt_sdk_win_64/imt_sdk_win_64/winavr/bin/../lib/gcc/avr/4.3.3/avr5\libgcc.a(_exit.o)
 .text          0x00000092        0x0 c:/users/loq/desktop/iti/imt_sdk_win_64/imt_sdk_win_64/winavr/bin/../lib/gcc/avr/4.3.3/avr5\libgcc.a(_copy_data.o)
 .text          0x00000092        0x0 c:/users/loq/desktop/iti/imt_sdk_win_64/imt_sdk_win_64/winavr/bin/../lib/gcc/avr/4.3.3/avr5\libgcc.a(_clear_bss.o)
 .text          0x00000092       0x58 c:/users/loq/desktop/iti/imt_sdk_win_64/imt_sdk_win_64/winavr/bin/../lib/gcc/avr/4.3.3/avr5\libgcc.a(_fixunssfsi.o)
                0x00000092                __fixunssfsi
 .text          0x000000ea      0x354 c:/users/loq/desktop/iti/imt_sdk_win_64/imt_sdk_win_64/winavr/bin/../lib/gcc/avr/4.3.3/avr5\libgcc.a(_addsub_sf.o)
                0x00000382                __subsf3
                0x000003e4                __addsf3
 .text          0x0000043e      0x1f4 c:/users/loq/desktop/iti/imt_sdk_win_64/imt_sdk_win_64/winavr/bin/../lib/gcc/avr/4.3.3/avr5\libgcc.a(_mul_sf.o)
                0x0000043e                __mulsf3
 .text          0x00000632       0x60 c:/users/loq/desktop/iti/imt_sdk_win_64/imt_sdk_win_64/winavr/bin/../lib/gcc/avr/4.3.3/avr5\libgcc.a(_gt_sf.o)
                0x00000632                __gtsf2
 .text          0x00000692       0x60 c:/users/loq/desktop/iti/imt_sdk_win_64/imt_sdk_win_64/winavr/bin/../lib/gcc/avr/4.3.3/avr5\libgcc.a(_ge_sf.o)
                0x00000692                __gesf2
 .text          0x000006f2       0x60 c:/users/loq/desktop/iti/imt_sdk_win_64/imt_sdk_win_64/winavr/bin/../lib/gcc/avr/4.3.3/avr5\libgcc.a(_lt_sf.o)
                0x000006f2                __ltsf2
 .text          0x00000752       0xa8 c:/users/loq/desktop/iti/imt_sdk_win_64/imt_sdk_win_64/winavr/bin/../lib/gcc/avr/4.3.3/avr5\libgcc.a(_sf_to_si.o)
                0x00000752                __fixsfsi
 .text          0x000007fa        0x0 c:/users/loq/desktop/iti/imt_sdk_win_64/imt_sdk_win_64/winavr/bin/../lib/gcc/avr/4.3.3/avr5\libgcc.a(_thenan_sf.o)
 .text          0x000007fa        0x0 c:/users/loq/desktop/iti/imt_sdk_win_64/imt_sdk_win_64/winavr/bin/../lib/gcc/avr/4.3.3/avr5\libgcc.a(_prologue.o)
 .text          0x000007fa        0x0 c:/users/loq/desktop/iti/imt_sdk_win_64/imt_sdk_win_64/winavr/bin/../lib/gcc/avr/4.3.3/avr5\libgcc.a(_epilogue.o)
 .text          0x000007fa      0x1aa c:/users/loq/desktop/iti/imt_sdk_win_64/imt_sdk_win_64/winavr/bin/../lib/gcc/avr/4.3.3/avr5\libgcc.a(_pack_sf.o)
                0x000007fa                __pack_f
 .text          0x000009a4       0xf0 c:/users/loq/desktop/iti/imt_sdk_win_64/imt_sdk_win_64/winavr/bin/../lib/gcc/avr/4.3.3/avr5\libgcc.a(_unpack_sf.o)
                0x000009a4                __unpack_f
 .text          0x00000a94       0xb2 c:/users/loq/desktop/iti/imt_sdk_win_64/imt_sdk_win_64/winavr/bin/../lib/gcc/avr/4.3.3/avr5\libgcc.a(_fpcmp_parts_sf.o)
                0x00000a94                __fpcmp_parts_f
 .text          0x00000b46        0x0 c:/users/loq/desktop/iti/imt_sdk_win_64/imt_sdk_win_64/winavr/bin/../lib/gcc/avr/4.3.3/../../../../avr/lib/avr5\libc.a(memcpy.o)
 .text          0x00000b46        0x0 c:/users/loq/desktop/iti/imt_sdk_win_64/imt_sdk_win_64/winavr/bin/../lib/gcc/avr/4.3.3/../../../../avr/lib/avr5\libc.a(memset.o)
 .text          0x00000b46        0x0 c:/users/loq/desktop/iti/imt_sdk_win_64/imt_sdk_win_64/winavr/bin/../lib/gcc/avr/4.3.3/../../../../avr/lib/avr5\libc.a(strncpy.o)
                0x00000b46                . = ALIGN (0x2)
 *(.text.*)
 .text.RTOS_vScheduler
                0x00000b46      0x106 ./RTOS/RTOS_prg.o
 .text.RTOS_vStartOS
                0x00000c4c       0x32 ./RTOS/RTOS_prg.o
                0x00000c4c                RTOS_vStartOS
 .text.RTOS_u8CreateTask
                0x00000c7e       0xec ./RTOS/RTOS_prg.o
                0x00000c7e                RTOS_u8CreateTask
 .text.RTOS_DeleteTask
                0x00000d6a       0xa8 ./RTOS/RTOS_prg.o
                0x00000d6a                RTOS_DeleteTask
 .text.RTOS_SuspendTask
                0x00000e12       0x5e ./RTOS/RTOS_prg.o
                0x00000e12                RTOS_SuspendTask
 .text.RTOS_ResumeTask
                0x00000e70       0x60 ./RTOS/RTOS_prg.o
                0x00000e70                RTOS_ResumeTask
 .text.MWDT_vEnable
                0x00000ed0       0x1c ./MCAL/WDT/WDT_prg.o
                0x00000ed0                MWDT_vEnable
 .text.MWDT_vDisable
                0x00000eec       0x22 ./MCAL/WDT/WDT_prg.o
                0x00000eec                MWDT_vDisable
 .text.MWDT_vSleep
                0x00000f0e       0x2a ./MCAL/WDT/WDT_prg.o
                0x00000f0e                MWDT_vSleep
 .text.MUART_vInit
                0x00000f38       0x2c ./MCAL/UART/UART_prg.o
                0x00000f38                MUART_vInit
 .text.MUART_vTransmit
                0x00000f64       0x34 ./MCAL/UART/UART_prg.o
                0x00000f64                MUART_vTransmit
 .text.MUART_u8Receive
                0x00000f98       0x1e ./MCAL/UART/UART_prg.o
                0x00000f98                MUART_u8Receive
 .text.MTWI_vInit
                0x00000fb6       0x16 ./MCAL/TWI/TWI_prg.o
                0x00000fb6                MTWI_vInit
 .text.MTWI_u8SendStartCondition
                0x00000fcc       0x28 ./MCAL/TWI/TWI_prg.o
                0x00000fcc                MTWI_u8SendStartCondition
 .text.MTWI_u8ReSendStartCondition
                0x00000ff4       0x28 ./MCAL/TWI/TWI_prg.o
                0x00000ff4                MTWI_u8ReSendStartCondition
 .text.MTWI_u8SendEndCondition
                0x0000101c       0x1e ./MCAL/TWI/TWI_prg.o
                0x0000101c                MTWI_u8SendEndCondition
 .text.MTWI_u8SendSLA_RW
                0x0000103a       0x56 ./MCAL/TWI/TWI_prg.o
                0x0000103a                MTWI_u8SendSLA_RW
 .text.MTWI_u8SendByte
                0x00001090       0x36 ./MCAL/TWI/TWI_prg.o
                0x00001090                MTWI_u8SendByte
 .text.MTWI_u8GetStatusCode
                0x000010c6       0x1c ./MCAL/TWI/TWI_prg.o
                0x000010c6                MTWI_u8GetStatusCode
 .text.MTWI_u8RecevieByte
                0x000010e2       0x8c ./MCAL/TWI/TWI_prg.o
                0x000010e2                MTWI_u8RecevieByte
 .text.MTIMERS_vInit
                0x0000116e      0x10c ./MCAL/TIMER/TIMER_prg.o
                0x0000116e                MTIMERS_vInit
 .text.MTIMERS_vStartTimer
                0x0000127a       0x40 ./MCAL/TIMER/TIMER_prg.o
                0x0000127a                MTIMERS_vStartTimer
 .text.MTIMERS_vStopTimer
                0x000012ba       0x3c ./MCAL/TIMER/TIMER_prg.o
                0x000012ba                MTIMERS_vStopTimer
 .text.MTIMERS_vSetPreloadValue
                0x000012f6       0x5e ./MCAL/TIMER/TIMER_prg.o
                0x000012f6                MTIMERS_vSetPreloadValue
 .text.MTIMERS_vSetCompareMatch
                0x00001354       0x58 ./MCAL/TIMER/TIMER_prg.o
                0x00001354                MTIMERS_vSetCompareMatch
 .text.MTIMERS_vEnableInterrupt
                0x000013ac       0x80 ./MCAL/TIMER/TIMER_prg.o
                0x000013ac                MTIMERS_vEnableInterrupt
 .text.MTIMERS_vDisableInterrupt
                0x0000142c       0x80 ./MCAL/TIMER/TIMER_prg.o
                0x0000142c                MTIMERS_vDisableInterrupt
 .text.MTIMERS_vSetInterval_CTC
                0x000014ac       0x50 ./MCAL/TIMER/TIMER_prg.o
                0x000014ac                MTIMERS_vSetInterval_CTC
 .text.MTIMERS_vSetInterval_OVF
                0x000014fc       0x50 ./MCAL/TIMER/TIMER_prg.o
                0x000014fc                MTIMERS_vSetInterval_OVF
 .text.MTIMERS_vSetTrigger
                0x0000154c       0x64 ./MCAL/TIMER/TIMER_prg.o
                0x0000154c                MTIMERS_vSetTrigger
 .text.MTIMERS_u16GetCapturedValue
                0x000015b0       0x16 ./MCAL/TIMER/TIMER_prg.o
                0x000015b0                MTIMERS_u16GetCapturedValue
 .text.MTIMERS_vSetICU_CB
                0x000015c6       0x24 ./MCAL/TIMER/TIMER_prg.o
                0x000015c6                MTIMERS_vSetICU_CB
 .text.__vector_11
                0x000015ea       0xd0 ./MCAL/TIMER/TIMER_prg.o
                0x000015ea                __vector_11
 .text.__vector_10
                0x000016ba       0xc6 ./MCAL/TIMER/TIMER_prg.o
                0x000016ba                __vector_10
 .text.__vector_6
                0x00001780       0x66 ./MCAL/TIMER/TIMER_prg.o
                0x00001780                __vector_6
 .text.MSPI_vInit
                0x000017e6       0x56 ./MCAL/SPI/SPI_prg.o
                0x000017e6                MSPI_vInit
 .text.MSPI_vTransmit
                0x0000183c       0x26 ./MCAL/SPI/SPI_prg.o
                0x0000183c                MSPI_vTransmit
 .text.MSPI_u8Receive
                0x00001862       0x1e ./MCAL/SPI/SPI_prg.o
                0x00001862                MSPI_u8Receive
 .text.MSPI_vTransceive
                0x00001880       0x2c ./MCAL/SPI/SPI_prg.o
                0x00001880                MSPI_vTransceive
 .text.MGIE_vEnableGlobalInterrupt
                0x000018ac       0x1c ./MCAL/GIE/GIE_prg.o
                0x000018ac                MGIE_vEnableGlobalInterrupt
 .text.MGIE_vDisableGlobalInterrupt
                0x000018c8       0x1c ./MCAL/GIE/GIE_prg.o
                0x000018c8                MGIE_vDisableGlobalInterrupt
 .text.MEXTI_vInit
                0x000018e4       0x62 ./MCAL/EXTI/EXTI_prg.o
                0x000018e4                MEXTI_vInit
 .text.MEXTI_vCallBackFunction
                0x00001946       0x36 ./MCAL/EXTI/EXTI_prg.o
                0x00001946                MEXTI_vCallBackFunction
 .text.__vector_3
                0x0000197c       0x66 ./MCAL/EXTI/EXTI_prg.o
                0x0000197c                __vector_3
 .text.__vector_2
                0x000019e2       0x66 ./MCAL/EXTI/EXTI_prg.o
                0x000019e2                __vector_2
 .text.__vector_1
                0x00001a48       0x66 ./MCAL/EXTI/EXTI_prg.o
                0x00001a48                __vector_1
 .text.MDIO_vInit
                0x00001aae       0x3e ./MCAL/DIO/DIO_prg.o
                0x00001aae                MDIO_vInit
 .text.MDIO_vSetPinDir
                0x00001aec      0x1ee ./MCAL/DIO/DIO_prg.o
                0x00001aec                MDIO_vSetPinDir
 .text.MDIO_vSetPinVal
                0x00001cda      0x1ee ./MCAL/DIO/DIO_prg.o
                0x00001cda                MDIO_vSetPinVal
 .text.MDIO_u8GetPinVal
                0x00001ec8       0xf4 ./MCAL/DIO/DIO_prg.o
                0x00001ec8                MDIO_u8GetPinVal
 .text.MDIO_vSetPortDir
                0x00001fbc       0x82 ./MCAL/DIO/DIO_prg.o
                0x00001fbc                MDIO_vSetPortDir
 .text.MDIO_vSetPortVal
                0x0000203e       0x82 ./MCAL/DIO/DIO_prg.o
                0x0000203e                MDIO_vSetPortVal
 .text.MDIO_u8GetPortVal
                0x000020c0       0x84 ./MCAL/DIO/DIO_prg.o
                0x000020c0                MDIO_u8GetPortVal
 .text.MDIO_vTogPinVal
                0x00002144       0xf2 ./MCAL/DIO/DIO_prg.o
                0x00002144                MDIO_vTogPinVal
 .text.MADC_init
                0x00002236       0x8c ./MCAL/ADC/ADC_prg.o
                0x00002236                MADC_init
 .text.MADC_u16ReadAnaloge
                0x000022c2       0x64 ./MCAL/ADC/ADC_prg.o
                0x000022c2                MADC_u16ReadAnaloge
 .text.HSTEPPER_vInit
                0x00002326       0x36 ./HAL/STEPPER/STEPPER_prg.o
                0x00002326                HSTEPPER_vInit
 .text.HTEPPER_vRotateCW
                0x0000235c      0x45e ./HAL/STEPPER/STEPPER_prg.o
                0x0000235c                HTEPPER_vRotateCW
 .text.HTEPPER_vRotateCCW
                0x000027ba      0x45e ./HAL/STEPPER/STEPPER_prg.o
                0x000027ba                HTEPPER_vRotateCCW
 .text.HSTEPPER_vStop
                0x00002c18       0x36 ./HAL/STEPPER/STEPPER_prg.o
                0x00002c18                HSTEPPER_vStop
 .text.HSSD_vInit
                0x00002c4e       0x16 ./HAL/SSD/SSD_prg.o
                0x00002c4e                HSSD_vInit
 .text.HSSD_vDisplayNumber
                0x00002c64       0x30 ./HAL/SSD/SSD_prg.o
                0x00002c64                HSSD_vDisplayNumber
 .text.HSSD_vTurnOff
                0x00002c94       0x16 ./HAL/SSD/SSD_prg.o
                0x00002c94                HSSD_vTurnOff
 .text.HLCD_vInit
                0x00002caa      0x3f4 ./HAL/LCD/LCD_prg.o
                0x00002caa                HLCD_vInit
 .text.HLCD_vSendCmd
                0x0000309e      0x220 ./HAL/LCD/LCD_prg.o
                0x0000309e                HLCD_vSendCmd
 .text.HLCD_vSendChar
                0x000032be      0x220 ./HAL/LCD/LCD_prg.o
                0x000032be                HLCD_vSendChar
 .text.HLCD_vDisplayString
                0x000034de       0x52 ./HAL/LCD/LCD_prg.o
                0x000034de                HLCD_vDisplayString
 .text.HLCD_vPrintNumber
                0x00003530       0xfc ./HAL/LCD/LCD_prg.o
                0x00003530                HLCD_vPrintNumber
 .text.HLCD_vSetCursorPosition
                0x0000362c       0x5a ./HAL/LCD/LCD_prg.o
                0x0000362c                HLCD_vSetCursorPosition
 .text.HLCD_vClearScreen
                0x00003686       0x14 ./HAL/LCD/LCD_prg.o
                0x00003686                HLCD_vClearScreen
 .text.HLCD_vWriteCGRAM
                0x0000369a       0xf0 ./HAL/LCD/LCD_prg.o
                0x0000369a                HLCD_vWriteCGRAM
 .text.HLCD_vDisplayCGRAM
                0x0000378a       0x3e ./HAL/LCD/LCD_prg.o
                0x0000378a                HLCD_vDisplayCGRAM
 .text.HKPD_vInit
                0x000037c8       0x5c ./HAL/KPD/KPD_prg.o
                0x000037c8                HKPD_vInit
 .text.HKPD_u8GetPressedKey
                0x00003824      0x1ae ./HAL/KPD/KPD_prg.o
                0x00003824                HKPD_u8GetPressedKey
 .text.xCoRoutineCreate
                0x000039d2      0x128 ./FreeRTOS/croutine.o
                0x000039d2                xCoRoutineCreate
 .text.vCoRoutineAddToDelayedList
                0x00003afa       0xc2 ./FreeRTOS/croutine.o
                0x00003afa                vCoRoutineAddToDelayedList
 .text.prvCheckPendingReadyList
                0x00003bbc       0x94 ./FreeRTOS/croutine.o
 .text.prvCheckDelayedList
                0x00003c50      0x15c ./FreeRTOS/croutine.o
 .text.vCoRoutineSchedule
                0x00003dac       0xf4 ./FreeRTOS/croutine.o
                0x00003dac                vCoRoutineSchedule
 .text.prvInitialiseCoRoutineLists
                0x00003ea0       0x72 ./FreeRTOS/croutine.o
 .text.xCoRoutineRemoveFromEventList
                0x00003f12       0x70 ./FreeRTOS/croutine.o
                0x00003f12                xCoRoutineRemoveFromEventList
 .text.pvPortMalloc
                0x00003f82       0x8c ./FreeRTOS/heap_1.o
                0x00003f82                pvPortMalloc
 .text.vPortFree
                0x0000400e       0x18 ./FreeRTOS/heap_1.o
                0x0000400e                vPortFree
 .text.vPortInitialiseBlocks
                0x00004026       0x16 ./FreeRTOS/heap_1.o
                0x00004026                vPortInitialiseBlocks
 .text.xPortGetFreeHeapSize
                0x0000403c       0x1e ./FreeRTOS/heap_1.o
                0x0000403c                xPortGetFreeHeapSize
 .text.vListInitialise
                0x0000405a       0x54 ./FreeRTOS/list.o
                0x0000405a                vListInitialise
 .text.vListInitialiseItem
                0x000040ae       0x20 ./FreeRTOS/list.o
                0x000040ae                vListInitialiseItem
 .text.vListInsertEnd
                0x000040ce       0x98 ./FreeRTOS/list.o
                0x000040ce                vListInsertEnd
 .text.vListInsert
                0x00004166       0xd8 ./FreeRTOS/list.o
                0x00004166                vListInsert
 .text.vListRemove
                0x0000423e       0x92 ./FreeRTOS/list.o
                0x0000423e                vListRemove
 .text.pxPortInitialiseStack
                0x000042d0      0x306 ./FreeRTOS/port.o
                0x000042d0                pxPortInitialiseStack
 .text.xPortStartScheduler
                0x000045d6       0x6a ./FreeRTOS/port.o
                0x000045d6                xPortStartScheduler
 .text.vPortEndScheduler
                0x00004640        0xe ./FreeRTOS/port.o
                0x00004640                vPortEndScheduler
 .text.vPortYield
                0x0000464e       0xb2 ./FreeRTOS/port.o
                0x0000464e                vPortYield
 .text.vPortYieldFromTick
                0x00004700       0xb6 ./FreeRTOS/port.o
                0x00004700                vPortYieldFromTick
 .text.prvSetupTimerInterrupt
                0x000047b6       0xb8 ./FreeRTOS/port.o
 .text.__vector_7
                0x0000486e        0x6 ./FreeRTOS/port.o
                0x0000486e                __vector_7
 .text.xQueueCreate
                0x00004874      0x152 ./FreeRTOS/queue.o
                0x00004874                xQueueCreate
 .text.xQueueCreateCountingSemaphore
                0x000049c6       0x3e ./FreeRTOS/queue.o
                0x000049c6                xQueueCreateCountingSemaphore
 .text.xQueueGenericSend
                0x00004a04      0x13c ./FreeRTOS/queue.o
                0x00004a04                xQueueGenericSend
 .text.xQueueGenericSendFromISR
                0x00004b40       0x9a ./FreeRTOS/queue.o
                0x00004b40                xQueueGenericSendFromISR
 .text.xQueueGenericReceive
                0x00004bda      0x180 ./FreeRTOS/queue.o
                0x00004bda                xQueueGenericReceive
 .text.xQueueReceiveFromISR
                0x00004d5a       0x9e ./FreeRTOS/queue.o
                0x00004d5a                xQueueReceiveFromISR
 .text.uxQueueMessagesWaiting
                0x00004df8       0x30 ./FreeRTOS/queue.o
                0x00004df8                uxQueueMessagesWaiting
 .text.uxQueueMessagesWaitingFromISR
                0x00004e28       0x26 ./FreeRTOS/queue.o
                0x00004e28                uxQueueMessagesWaitingFromISR
 .text.vQueueDelete
                0x00004e4e       0x2c ./FreeRTOS/queue.o
                0x00004e4e                vQueueDelete
 .text.prvCopyDataToQueue
                0x00004e7a      0x12a ./FreeRTOS/queue.o
 .text.prvCopyDataFromQueue
                0x00004fa4       0x90 ./FreeRTOS/queue.o
 .text.prvUnlockQueue
                0x00005034       0xa8 ./FreeRTOS/queue.o
 .text.prvIsQueueEmpty
                0x000050dc       0x38 ./FreeRTOS/queue.o
 .text.xQueueIsQueueEmptyFromISR
                0x00005114       0x2e ./FreeRTOS/queue.o
                0x00005114                xQueueIsQueueEmptyFromISR
 .text.prvIsQueueFull
                0x00005142       0x3e ./FreeRTOS/queue.o
 .text.xQueueIsQueueFullFromISR
                0x00005180       0x34 ./FreeRTOS/queue.o
                0x00005180                xQueueIsQueueFullFromISR
 .text.xTaskGenericCreate
                0x000051b4      0x1da ./FreeRTOS/tasks.o
                0x000051b4                xTaskGenericCreate
 .text.vTaskDelete
                0x0000538e       0xc6 ./FreeRTOS/tasks.o
                0x0000538e                vTaskDelete
 .text.vTaskDelayUntil
                0x00005454       0xe8 ./FreeRTOS/tasks.o
                0x00005454                vTaskDelayUntil
 .text.vTaskDelay
                0x0000553c       0x6a ./FreeRTOS/tasks.o
                0x0000553c                vTaskDelay
 .text.vTaskSuspend
                0x000055a6       0xce ./FreeRTOS/tasks.o
                0x000055a6                vTaskSuspend
 .text.xTaskIsTaskSuspended
                0x00005674       0x5e ./FreeRTOS/tasks.o
                0x00005674                xTaskIsTaskSuspended
 .text.vTaskResume
                0x000056d2       0xc8 ./FreeRTOS/tasks.o
                0x000056d2                vTaskResume
 .text.xTaskResumeFromISR
                0x0000579a       0xca ./FreeRTOS/tasks.o
                0x0000579a                xTaskResumeFromISR
 .text.vTaskStartScheduler
                0x00005864       0x6e ./FreeRTOS/tasks.o
                0x00005864                vTaskStartScheduler
 .text.vTaskEndScheduler
                0x000058d2       0x18 ./FreeRTOS/tasks.o
                0x000058d2                vTaskEndScheduler
 .text.vTaskSuspendAll
                0x000058ea       0x18 ./FreeRTOS/tasks.o
                0x000058ea                vTaskSuspendAll
 .text.xTaskResumeAll
                0x00005902      0x114 ./FreeRTOS/tasks.o
                0x00005902                xTaskResumeAll
 .text.xTaskGetTickCount
                0x00005a16       0x2e ./FreeRTOS/tasks.o
                0x00005a16                xTaskGetTickCount
 .text.xTaskGetTickCountFromISR
                0x00005a44       0x2a ./FreeRTOS/tasks.o
                0x00005a44                xTaskGetTickCountFromISR
 .text.uxTaskGetNumberOfTasks
                0x00005a6e       0x12 ./FreeRTOS/tasks.o
                0x00005a6e                uxTaskGetNumberOfTasks
 .text.vTaskIncrementTick
                0x00005a80      0x1aa ./FreeRTOS/tasks.o
                0x00005a80                vTaskIncrementTick
 .text.vTaskSwitchContext
                0x00005c2a       0xcc ./FreeRTOS/tasks.o
                0x00005c2a                vTaskSwitchContext
 .text.vTaskPlaceOnEventList
                0x00005cf6       0x92 ./FreeRTOS/tasks.o
                0x00005cf6                vTaskPlaceOnEventList
 .text.xTaskRemoveFromEventList
                0x00005d88       0xd0 ./FreeRTOS/tasks.o
                0x00005d88                xTaskRemoveFromEventList
 .text.vTaskSetTimeOutState
                0x00005e58       0x32 ./FreeRTOS/tasks.o
                0x00005e58                vTaskSetTimeOutState
 .text.xTaskCheckForTimeOut
                0x00005e8a       0xce ./FreeRTOS/tasks.o
                0x00005e8a                xTaskCheckForTimeOut
 .text.vTaskMissedYield
                0x00005f58       0x14 ./FreeRTOS/tasks.o
                0x00005f58                vTaskMissedYield
 .text.prvIdleTask
                0x00005f6c       0x14 ./FreeRTOS/tasks.o
 .text.prvInitialiseTCBVariables
                0x00005f80       0xae ./FreeRTOS/tasks.o
 .text.prvInitialiseTaskLists
                0x0000602e       0x82 ./FreeRTOS/tasks.o
 .text.prvCheckTasksWaitingTermination
                0x000060b0       0x7c ./FreeRTOS/tasks.o
 .text.prvAddCurrentTaskToDelayedList
                0x0000612c       0x92 ./FreeRTOS/tasks.o
 .text.prvAllocateTCBAndStack
                0x000061be       0xa0 ./FreeRTOS/tasks.o
 .text.prvDeleteTCB
                0x0000625e       0x2c ./FreeRTOS/tasks.o
 .text.TASK_LCD1
                0x0000628a       0x20 ./APP/FreeARTOS_lab.o
                0x0000628a                TASK_LCD1
 .text.TASK_LCD2
                0x000062aa       0x20 ./APP/FreeARTOS_lab.o
                0x000062aa                TASK_LCD2
 .text.main     0x000062ca       0x68 ./APP/FreeARTOS_lab.o
                0x000062ca                main
 .text.libgcc   0x00006332       0x44 c:/users/loq/desktop/iti/imt_sdk_win_64/imt_sdk_win_64/winavr/bin/../lib/gcc/avr/4.3.3/avr5\libgcc.a(_udivmodsi4.o)
                0x00006332                __udivmodsi4
 .text.libgcc   0x00006376        0x0 c:/users/loq/desktop/iti/imt_sdk_win_64/imt_sdk_win_64/winavr/bin/../lib/gcc/avr/4.3.3/avr5\libgcc.a(_exit.o)
 .text.libgcc   0x00006376        0x0 c:/users/loq/desktop/iti/imt_sdk_win_64/imt_sdk_win_64/winavr/bin/../lib/gcc/avr/4.3.3/avr5\libgcc.a(_copy_data.o)
 .text.libgcc   0x00006376        0x0 c:/users/loq/desktop/iti/imt_sdk_win_64/imt_sdk_win_64/winavr/bin/../lib/gcc/avr/4.3.3/avr5\libgcc.a(_clear_bss.o)
 .text.libgcc   0x00006376       0x38 c:/users/loq/desktop/iti/imt_sdk_win_64/imt_sdk_win_64/winavr/bin/../lib/gcc/avr/4.3.3/avr5\libgcc.a(_prologue.o)
                0x00006376                __prologue_saves__
 .text.libgcc   0x000063ae       0x36 c:/users/loq/desktop/iti/imt_sdk_win_64/imt_sdk_win_64/winavr/bin/../lib/gcc/avr/4.3.3/avr5\libgcc.a(_epilogue.o)
                0x000063ae                __epilogue_restores__
 .text.avr-libc
                0x000063e4       0x12 c:/users/loq/desktop/iti/imt_sdk_win_64/imt_sdk_win_64/winavr/bin/../lib/gcc/avr/4.3.3/../../../../avr/lib/avr5\libc.a(memcpy.o)
                0x000063e4                memcpy
 .text.avr-libc
                0x000063f6        0xe c:/users/loq/desktop/iti/imt_sdk_win_64/imt_sdk_win_64/winavr/bin/../lib/gcc/avr/4.3.3/../../../../avr/lib/avr5\libc.a(memset.o)
                0x000063f6                memset
 .text.avr-libc
                0x00006404       0x1e c:/users/loq/desktop/iti/imt_sdk_win_64/imt_sdk_win_64/winavr/bin/../lib/gcc/avr/4.3.3/../../../../avr/lib/avr5\libc.a(strncpy.o)
                0x00006404                strncpy
                0x00006422                . = ALIGN (0x2)
 *(.fini9)
 .fini9         0x00006422        0x0 c:/users/loq/desktop/iti/imt_sdk_win_64/imt_sdk_win_64/winavr/bin/../lib/gcc/avr/4.3.3/avr5\libgcc.a(_exit.o)
                0x00006422                exit
                0x00006422                _exit
 *(.fini9)
 *(.fini8)
 *(.fini8)
 *(.fini7)
 *(.fini7)
 *(.fini6)
 *(.fini6)
 *(.fini5)
 *(.fini5)
 *(.fini4)
 *(.fini4)
 *(.fini3)
 *(.fini3)
 *(.fini2)
 *(.fini2)
 *(.fini1)
 *(.fini1)
 *(.fini0)
 .fini0         0x00006422        0x4 c:/users/loq/desktop/iti/imt_sdk_win_64/imt_sdk_win_64/winavr/bin/../lib/gcc/avr/4.3.3/avr5\libgcc.a(_exit.o)
 *(.fini0)
                0x00006426                _etext = .

.data           0x00800060       0x30 load address 0x00006426
                0x00800060                PROVIDE (__data_start, .)
 *(.data)
 .data          0x00800060        0x0 c:/users/loq/desktop/iti/imt_sdk_win_64/imt_sdk_win_64/winavr/bin/../lib/gcc/avr/4.3.3/../../../../avr/lib/avr5/crtm32.o
 .data          0x00800060        0x0 ./RTOS/RTOS_prg.o
 .data          0x00800060        0x0 ./MCAL/WDT/WDT_prg.o
 .data          0x00800060        0x0 ./MCAL/UART/UART_prg.o
 .data          0x00800060        0x0 ./MCAL/TWI/TWI_prg.o
 .data          0x00800060        0x0 ./MCAL/TIMER/TIMER_prg.o
 .data          0x00800060        0x0 ./MCAL/SPI/SPI_prg.o
 .data          0x00800060        0x0 ./MCAL/GIE/GIE_prg.o
 .data          0x00800060        0x0 ./MCAL/EXTI/EXTI_prg.o
 .data          0x00800060        0x0 ./MCAL/DIO/DIO_prg.o
 .data          0x00800060        0x0 ./MCAL/ADC/ADC_prg.o
 .data          0x00800060        0x0 ./HAL/STEPPER/STEPPER_prg.o
 .data          0x00800060        0x0 ./HAL/SSD/SSD_prg.o
 .data          0x00800060        0x0 ./HAL/LCD/LCD_prg.o
 .data          0x00800060        0x0 ./HAL/KPD/KPD_prg.o
 .data          0x00800060        0x0 ./FreeRTOS/croutine.o
 .data          0x00800060        0x0 ./FreeRTOS/heap_1.o
 .data          0x00800060        0x0 ./FreeRTOS/list.o
 .data          0x00800060        0x0 ./FreeRTOS/port.o
 .data          0x00800060        0x0 ./FreeRTOS/queue.o
 .data          0x00800060        0x5 ./FreeRTOS/tasks.o
 .data          0x00800065        0x0 ./FreeRTOS/timers.o
 .data          0x00800065        0x0 ./APP/DC_motor.o
 .data          0x00800065       0x16 ./APP/FreeARTOS_lab.o
 .data          0x0080007b        0x0 ./APP/Interrupt.o
 .data          0x0080007b        0x0 ./APP/KPD_ASS.o
 .data          0x0080007b        0x0 ./APP/LCD_CHAR.o
 .data          0x0080007b        0x0 ./APP/LCD_ICU.o
 .data          0x0080007b        0x0 ./APP/SPI.o
 .data          0x0080007b        0x0 ./APP/TIMERS.o
 .data          0x0080007b        0x0 ./APP/UART_LAD.o
 .data          0x0080007b        0x0 ./APP/as_dc_EXTI.o
 .data          0x0080007b        0x0 ./APP/buzzer_timer1_adc.o
 .data          0x0080007b        0x0 ./APP/deep_switch.o
 .data          0x0080007b        0x0 ./APP/keypad.o
 .data          0x0080007b        0x0 ./APP/labs.o
 .data          0x0080007b        0x0 ./APP/led_pwm.o
 .data          0x0080007b        0x0 ./APP/main.o
 .data          0x0080007b        0x0 ./APP/push_bottom.o
 .data          0x0080007b        0x0 ./APP/servo_pwm.o
 .data          0x0080007b        0x0 ./APP/sev_seg.o
 .data          0x0080007b        0x0 ./APP/stepper_motor.o
 .data          0x0080007b        0x0 ./APP/temp_read.o
 .data          0x0080007b        0x0 ./APP/timer_lab.o
 .data          0x0080007b        0x0 ./APP/wdt.o
 .data          0x0080007b        0x0 c:/users/loq/desktop/iti/imt_sdk_win_64/imt_sdk_win_64/winavr/bin/../lib/gcc/avr/4.3.3/avr5\libgcc.a(_udivmodsi4.o)
 .data          0x0080007b        0x0 c:/users/loq/desktop/iti/imt_sdk_win_64/imt_sdk_win_64/winavr/bin/../lib/gcc/avr/4.3.3/avr5\libgcc.a(_exit.o)
 .data          0x0080007b        0x0 c:/users/loq/desktop/iti/imt_sdk_win_64/imt_sdk_win_64/winavr/bin/../lib/gcc/avr/4.3.3/avr5\libgcc.a(_copy_data.o)
 .data          0x0080007b        0x0 c:/users/loq/desktop/iti/imt_sdk_win_64/imt_sdk_win_64/winavr/bin/../lib/gcc/avr/4.3.3/avr5\libgcc.a(_clear_bss.o)
 .data          0x0080007b        0x0 c:/users/loq/desktop/iti/imt_sdk_win_64/imt_sdk_win_64/winavr/bin/../lib/gcc/avr/4.3.3/avr5\libgcc.a(_fixunssfsi.o)
 .data          0x0080007b        0x0 c:/users/loq/desktop/iti/imt_sdk_win_64/imt_sdk_win_64/winavr/bin/../lib/gcc/avr/4.3.3/avr5\libgcc.a(_addsub_sf.o)
 .data          0x0080007b        0x0 c:/users/loq/desktop/iti/imt_sdk_win_64/imt_sdk_win_64/winavr/bin/../lib/gcc/avr/4.3.3/avr5\libgcc.a(_mul_sf.o)
 .data          0x0080007b        0x0 c:/users/loq/desktop/iti/imt_sdk_win_64/imt_sdk_win_64/winavr/bin/../lib/gcc/avr/4.3.3/avr5\libgcc.a(_gt_sf.o)
 .data          0x0080007b        0x0 c:/users/loq/desktop/iti/imt_sdk_win_64/imt_sdk_win_64/winavr/bin/../lib/gcc/avr/4.3.3/avr5\libgcc.a(_ge_sf.o)
 .data          0x0080007b        0x0 c:/users/loq/desktop/iti/imt_sdk_win_64/imt_sdk_win_64/winavr/bin/../lib/gcc/avr/4.3.3/avr5\libgcc.a(_lt_sf.o)
 .data          0x0080007b        0x0 c:/users/loq/desktop/iti/imt_sdk_win_64/imt_sdk_win_64/winavr/bin/../lib/gcc/avr/4.3.3/avr5\libgcc.a(_sf_to_si.o)
 .data          0x0080007b        0x8 c:/users/loq/desktop/iti/imt_sdk_win_64/imt_sdk_win_64/winavr/bin/../lib/gcc/avr/4.3.3/avr5\libgcc.a(_thenan_sf.o)
                0x0080007b                __thenan_sf
 .data          0x00800083        0x0 c:/users/loq/desktop/iti/imt_sdk_win_64/imt_sdk_win_64/winavr/bin/../lib/gcc/avr/4.3.3/avr5\libgcc.a(_prologue.o)
 .data          0x00800083        0x0 c:/users/loq/desktop/iti/imt_sdk_win_64/imt_sdk_win_64/winavr/bin/../lib/gcc/avr/4.3.3/avr5\libgcc.a(_epilogue.o)
 .data          0x00800083        0x0 c:/users/loq/desktop/iti/imt_sdk_win_64/imt_sdk_win_64/winavr/bin/../lib/gcc/avr/4.3.3/avr5\libgcc.a(_pack_sf.o)
 .data          0x00800083        0x0 c:/users/loq/desktop/iti/imt_sdk_win_64/imt_sdk_win_64/winavr/bin/../lib/gcc/avr/4.3.3/avr5\libgcc.a(_unpack_sf.o)
 .data          0x00800083        0x0 c:/users/loq/desktop/iti/imt_sdk_win_64/imt_sdk_win_64/winavr/bin/../lib/gcc/avr/4.3.3/avr5\libgcc.a(_fpcmp_parts_sf.o)
 .data          0x00800083        0x0 c:/users/loq/desktop/iti/imt_sdk_win_64/imt_sdk_win_64/winavr/bin/../lib/gcc/avr/4.3.3/../../../../avr/lib/avr5\libc.a(memcpy.o)
 .data          0x00800083        0x0 c:/users/loq/desktop/iti/imt_sdk_win_64/imt_sdk_win_64/winavr/bin/../lib/gcc/avr/4.3.3/../../../../avr/lib/avr5\libc.a(memset.o)
 .data          0x00800083        0x0 c:/users/loq/desktop/iti/imt_sdk_win_64/imt_sdk_win_64/winavr/bin/../lib/gcc/avr/4.3.3/../../../../avr/lib/avr5\libc.a(strncpy.o)
 *(.data*)
 .data.Sevensegment
                0x00800083        0xa ./HAL/SSD/SSD_prg.o
 .data.xNextTaskUnblockTime
                0x0080008d        0x2 ./FreeRTOS/tasks.o
 *(.rodata)
 *(.rodata*)
 *(.gnu.linkonce.d*)
                0x00800090                . = ALIGN (0x2)
 *fill*         0x0080008f        0x1 00
                0x00800090                _edata = .
                0x00800090                PROVIDE (__data_end, .)

.bss            0x00800090      0x4eb
                0x00800090                PROVIDE (__bss_start, .)
 *(.bss)
 .bss           0x00800090        0x0 c:/users/loq/desktop/iti/imt_sdk_win_64/imt_sdk_win_64/winavr/bin/../lib/gcc/avr/4.3.3/../../../../avr/lib/avr5/crtm32.o
 .bss           0x00800090        0x0 ./RTOS/RTOS_prg.o
 .bss           0x00800090        0x0 ./MCAL/WDT/WDT_prg.o
 .bss           0x00800090        0x0 ./MCAL/UART/UART_prg.o
 .bss           0x00800090        0x0 ./MCAL/TWI/TWI_prg.o
 .bss           0x00800090        0x0 ./MCAL/TIMER/TIMER_prg.o
 .bss           0x00800090        0x0 ./MCAL/SPI/SPI_prg.o
 .bss           0x00800090        0x0 ./MCAL/GIE/GIE_prg.o
 .bss           0x00800090        0x0 ./MCAL/EXTI/EXTI_prg.o
 .bss           0x00800090        0x0 ./MCAL/DIO/DIO_prg.o
 .bss           0x00800090        0x0 ./MCAL/ADC/ADC_prg.o
 .bss           0x00800090        0x0 ./HAL/STEPPER/STEPPER_prg.o
 .bss           0x00800090        0x0 ./HAL/SSD/SSD_prg.o
 .bss           0x00800090        0x0 ./HAL/LCD/LCD_prg.o
 .bss           0x00800090        0x0 ./HAL/KPD/KPD_prg.o
 .bss           0x00800090        0x0 ./FreeRTOS/croutine.o
 .bss           0x00800090        0x0 ./FreeRTOS/heap_1.o
 .bss           0x00800090        0x0 ./FreeRTOS/list.o
 .bss           0x00800090        0x0 ./FreeRTOS/port.o
 .bss           0x00800090        0x0 ./FreeRTOS/queue.o
 .bss           0x00800090        0x0 ./FreeRTOS/tasks.o
 .bss           0x00800090        0x0 ./FreeRTOS/timers.o
 .bss           0x00800090        0x0 ./APP/DC_motor.o
 .bss           0x00800090        0x0 ./APP/FreeARTOS_lab.o
 .bss           0x00800090        0x0 ./APP/Interrupt.o
 .bss           0x00800090        0x0 ./APP/KPD_ASS.o
 .bss           0x00800090        0x0 ./APP/LCD_CHAR.o
 .bss           0x00800090        0x0 ./APP/LCD_ICU.o
 .bss           0x00800090        0x0 ./APP/SPI.o
 .bss           0x00800090        0x0 ./APP/TIMERS.o
 .bss           0x00800090        0x0 ./APP/UART_LAD.o
 .bss           0x00800090        0x0 ./APP/as_dc_EXTI.o
 .bss           0x00800090        0x0 ./APP/buzzer_timer1_adc.o
 .bss           0x00800090        0x0 ./APP/deep_switch.o
 .bss           0x00800090        0x0 ./APP/keypad.o
 .bss           0x00800090        0x0 ./APP/labs.o
 .bss           0x00800090        0x0 ./APP/led_pwm.o
 .bss           0x00800090        0x0 ./APP/main.o
 .bss           0x00800090        0x0 ./APP/push_bottom.o
 .bss           0x00800090        0x0 ./APP/servo_pwm.o
 .bss           0x00800090        0x0 ./APP/sev_seg.o
 .bss           0x00800090        0x0 ./APP/stepper_motor.o
 .bss           0x00800090        0x0 ./APP/temp_read.o
 .bss           0x00800090        0x0 ./APP/timer_lab.o
 .bss           0x00800090        0x0 ./APP/wdt.o
 .bss           0x00800090        0x0 c:/users/loq/desktop/iti/imt_sdk_win_64/imt_sdk_win_64/winavr/bin/../lib/gcc/avr/4.3.3/avr5\libgcc.a(_udivmodsi4.o)
 .bss           0x00800090        0x0 c:/users/loq/desktop/iti/imt_sdk_win_64/imt_sdk_win_64/winavr/bin/../lib/gcc/avr/4.3.3/avr5\libgcc.a(_exit.o)
 .bss           0x00800090        0x0 c:/users/loq/desktop/iti/imt_sdk_win_64/imt_sdk_win_64/winavr/bin/../lib/gcc/avr/4.3.3/avr5\libgcc.a(_copy_data.o)
 .bss           0x00800090        0x0 c:/users/loq/desktop/iti/imt_sdk_win_64/imt_sdk_win_64/winavr/bin/../lib/gcc/avr/4.3.3/avr5\libgcc.a(_clear_bss.o)
 .bss           0x00800090        0x0 c:/users/loq/desktop/iti/imt_sdk_win_64/imt_sdk_win_64/winavr/bin/../lib/gcc/avr/4.3.3/avr5\libgcc.a(_fixunssfsi.o)
 .bss           0x00800090        0x0 c:/users/loq/desktop/iti/imt_sdk_win_64/imt_sdk_win_64/winavr/bin/../lib/gcc/avr/4.3.3/avr5\libgcc.a(_addsub_sf.o)
 .bss           0x00800090        0x0 c:/users/loq/desktop/iti/imt_sdk_win_64/imt_sdk_win_64/winavr/bin/../lib/gcc/avr/4.3.3/avr5\libgcc.a(_mul_sf.o)
 .bss           0x00800090        0x0 c:/users/loq/desktop/iti/imt_sdk_win_64/imt_sdk_win_64/winavr/bin/../lib/gcc/avr/4.3.3/avr5\libgcc.a(_gt_sf.o)
 .bss           0x00800090        0x0 c:/users/loq/desktop/iti/imt_sdk_win_64/imt_sdk_win_64/winavr/bin/../lib/gcc/avr/4.3.3/avr5\libgcc.a(_ge_sf.o)
 .bss           0x00800090        0x0 c:/users/loq/desktop/iti/imt_sdk_win_64/imt_sdk_win_64/winavr/bin/../lib/gcc/avr/4.3.3/avr5\libgcc.a(_lt_sf.o)
 .bss           0x00800090        0x0 c:/users/loq/desktop/iti/imt_sdk_win_64/imt_sdk_win_64/winavr/bin/../lib/gcc/avr/4.3.3/avr5\libgcc.a(_sf_to_si.o)
 .bss           0x00800090        0x0 c:/users/loq/desktop/iti/imt_sdk_win_64/imt_sdk_win_64/winavr/bin/../lib/gcc/avr/4.3.3/avr5\libgcc.a(_thenan_sf.o)
 .bss           0x00800090        0x0 c:/users/loq/desktop/iti/imt_sdk_win_64/imt_sdk_win_64/winavr/bin/../lib/gcc/avr/4.3.3/avr5\libgcc.a(_prologue.o)
 .bss           0x00800090        0x0 c:/users/loq/desktop/iti/imt_sdk_win_64/imt_sdk_win_64/winavr/bin/../lib/gcc/avr/4.3.3/avr5\libgcc.a(_epilogue.o)
 .bss           0x00800090        0x0 c:/users/loq/desktop/iti/imt_sdk_win_64/imt_sdk_win_64/winavr/bin/../lib/gcc/avr/4.3.3/avr5\libgcc.a(_pack_sf.o)
 .bss           0x00800090        0x0 c:/users/loq/desktop/iti/imt_sdk_win_64/imt_sdk_win_64/winavr/bin/../lib/gcc/avr/4.3.3/avr5\libgcc.a(_unpack_sf.o)
 .bss           0x00800090        0x0 c:/users/loq/desktop/iti/imt_sdk_win_64/imt_sdk_win_64/winavr/bin/../lib/gcc/avr/4.3.3/avr5\libgcc.a(_fpcmp_parts_sf.o)
 .bss           0x00800090        0x0 c:/users/loq/desktop/iti/imt_sdk_win_64/imt_sdk_win_64/winavr/bin/../lib/gcc/avr/4.3.3/../../../../avr/lib/avr5\libc.a(memcpy.o)
 .bss           0x00800090        0x0 c:/users/loq/desktop/iti/imt_sdk_win_64/imt_sdk_win_64/winavr/bin/../lib/gcc/avr/4.3.3/../../../../avr/lib/avr5\libc.a(memset.o)
 .bss           0x00800090        0x0 c:/users/loq/desktop/iti/imt_sdk_win_64/imt_sdk_win_64/winavr/bin/../lib/gcc/avr/4.3.3/../../../../avr/lib/avr5\libc.a(strncpy.o)
 *(.bss*)
 .bss.G_SysTasks
                0x00800090       0x32 ./RTOS/RTOS_prg.o
 .bss.G_TaskTiming
                0x008000c2       0x14 ./RTOS/RTOS_prg.o
 .bss.Empty_struct
                0x008000d6        0x5 ./RTOS/RTOS_prg.o
                0x008000d6                Empty_struct
 .bss.G_TIMER_OVF_CB
                0x008000db        0x2 ./MCAL/TIMER/TIMER_prg.o
 .bss.G_TIMER_CTC_CB
                0x008000dd        0x2 ./MCAL/TIMER/TIMER_prg.o
 .bss.G_TIMER_ICU_CB
                0x008000df        0x2 ./MCAL/TIMER/TIMER_prg.o
 .bss.G_u8Time0Preload
                0x008000e1        0x1 ./MCAL/TIMER/TIMER_prg.o
 .bss.G_32IntervalCount
                0x008000e2        0x4 ./MCAL/TIMER/TIMER_prg.o
 .bss.LS_u32T_OVF.1463
                0x008000e6        0x4 ./MCAL/TIMER/TIMER_prg.o
 .bss.LS_u32Counter.1481
                0x008000ea        0x4 ./MCAL/TIMER/TIMER_prg.o
 .bss.G_EXTI_Callback
                0x008000ee        0x6 ./MCAL/EXTI/EXTI_prg.o
 .bss.pxCurrentCoRoutine
                0x008000f4        0x2 ./FreeRTOS/croutine.o
                0x008000f4                pxCurrentCoRoutine
 .bss.uxTopCoRoutineReadyPriority
                0x008000f6        0x1 ./FreeRTOS/croutine.o
 .bss.xCoRoutineTickCount
                0x008000f7        0x2 ./FreeRTOS/croutine.o
 .bss.xLastTickCount
                0x008000f9        0x2 ./FreeRTOS/croutine.o
 .bss.xPassedTicks
                0x008000fb        0x2 ./FreeRTOS/croutine.o
 .bss.pxReadyCoRoutineLists
                0x008000fd       0x12 ./FreeRTOS/croutine.o
 .bss.xDelayedCoRoutineList1
                0x0080010f        0x9 ./FreeRTOS/croutine.o
 .bss.xDelayedCoRoutineList2
                0x00800118        0x9 ./FreeRTOS/croutine.o
 .bss.pxDelayedCoRoutineList
                0x00800121        0x2 ./FreeRTOS/croutine.o
 .bss.pxOverflowDelayedCoRoutineList
                0x00800123        0x2 ./FreeRTOS/croutine.o
 .bss.xPendingReadyCoRoutineList
                0x00800125        0x9 ./FreeRTOS/croutine.o
 .bss.xNextFreeByte
                0x0080012e        0x2 ./FreeRTOS/heap_1.o
 .bss.xHeap     0x00800130      0x3e8 ./FreeRTOS/heap_1.o
 .bss.pxCurrentTCB
                0x00800518        0x2 ./FreeRTOS/tasks.o
                0x00800518                pxCurrentTCB
 .bss.uxTasksDeleted
                0x0080051a        0x1 ./FreeRTOS/tasks.o
 .bss.uxCurrentNumberOfTasks
                0x0080051b        0x1 ./FreeRTOS/tasks.o
 .bss.xTickCount
                0x0080051c        0x2 ./FreeRTOS/tasks.o
 .bss.uxTopUsedPriority
                0x0080051e        0x1 ./FreeRTOS/tasks.o
 .bss.uxTopReadyPriority
                0x0080051f        0x1 ./FreeRTOS/tasks.o
 .bss.xSchedulerRunning
                0x00800520        0x1 ./FreeRTOS/tasks.o
 .bss.uxSchedulerSuspended
                0x00800521        0x1 ./FreeRTOS/tasks.o
 .bss.uxMissedTicks
                0x00800522        0x1 ./FreeRTOS/tasks.o
 .bss.xMissedYield
                0x00800523        0x1 ./FreeRTOS/tasks.o
 .bss.xNumOfOverflows
                0x00800524        0x1 ./FreeRTOS/tasks.o
 .bss.uxTaskNumber
                0x00800525        0x1 ./FreeRTOS/tasks.o
 .bss.pxReadyTasksLists
                0x00800526       0x24 ./FreeRTOS/tasks.o
 .bss.xDelayedTaskList1
                0x0080054a        0x9 ./FreeRTOS/tasks.o
 .bss.xDelayedTaskList2
                0x00800553        0x9 ./FreeRTOS/tasks.o
 .bss.pxDelayedTaskList
                0x0080055c        0x2 ./FreeRTOS/tasks.o
 .bss.pxOverflowDelayedTaskList
                0x0080055e        0x2 ./FreeRTOS/tasks.o
 .bss.xPendingReadyList
                0x00800560        0x9 ./FreeRTOS/tasks.o
 .bss.xTasksWaitingTermination
                0x00800569        0x9 ./FreeRTOS/tasks.o
 .bss.xSuspendedTaskList
                0x00800572        0x9 ./FreeRTOS/tasks.o
 *(COMMON)
                0x0080057b                PROVIDE (__bss_end, .)
                0x00006426                __data_load_start = LOADADDR (.data)
                0x00006456                __data_load_end = (__data_load_start + SIZEOF (.data))

.noinit         0x0080057b        0x0
                0x0080057b                PROVIDE (__noinit_start, .)
 *(.noinit*)
                0x0080057b                PROVIDE (__noinit_end, .)
                0x0080057b                _end = .
                0x0080057b                PROVIDE (__heap_start, .)

.eeprom         0x00810000        0x0
 *(.eeprom*)
                0x00810000                __eeprom_end = .

.fuse
 *(.fuse)
 *(.lfuse)
 *(.hfuse)
 *(.efuse)

.lock
 *(.lock*)

.signature
 *(.signature*)

.stab           0x00000000     0x9d2c
 *(.stab)
 .stab          0x00000000      0x564 ./RTOS/RTOS_prg.o
 .stab          0x00000564      0x204 ./MCAL/WDT/WDT_prg.o
                                0x210 (size before relaxing)
 .stab          0x00000768      0x234 ./MCAL/UART/UART_prg.o
                                0x240 (size before relaxing)
 .stab          0x0000099c      0x408 ./MCAL/TWI/TWI_prg.o
                                0x414 (size before relaxing)
 .stab          0x00000da4      0x828 ./MCAL/TIMER/TIMER_prg.o
                                0x834 (size before relaxing)
 .stab          0x000015cc      0x2ac ./MCAL/SPI/SPI_prg.o
                                0x2b8 (size before relaxing)
 .stab          0x00001878      0x1bc ./MCAL/GIE/GIE_prg.o
                                0x1c8 (size before relaxing)
 .stab          0x00001a34      0x4d4 ./MCAL/EXTI/EXTI_prg.o
                                0x4e0 (size before relaxing)
 .stab          0x00001f08      0x654 ./MCAL/DIO/DIO_prg.o
                                0x660 (size before relaxing)
 .stab          0x0000255c      0x258 ./MCAL/ADC/ADC_prg.o
                                0x264 (size before relaxing)
 .stab          0x000027b4      0x9cc ./HAL/STEPPER/STEPPER_prg.o
                                0xb58 (size before relaxing)
 .stab          0x00003180      0x210 ./HAL/SSD/SSD_prg.o
                                0x21c (size before relaxing)
 .stab          0x00003390      0xbe8 ./HAL/LCD/LCD_prg.o
                                0xd80 (size before relaxing)
 .stab          0x00003f78      0x3e4 ./HAL/KPD/KPD_prg.o
                                0x57c (size before relaxing)
 .stab          0x0000435c      0x984 ./FreeRTOS/croutine.o
                                0xb40 (size before relaxing)
 .stab          0x00004ce0      0x354 ./FreeRTOS/heap_1.o
                                0x624 (size before relaxing)
 .stab          0x00005034      0x474 ./FreeRTOS/list.o
                                0x750 (size before relaxing)
 .stab          0x000054a8      0x834 ./FreeRTOS/port.o
                                0xb70 (size before relaxing)
 .stab          0x00005cdc      0xf24 ./FreeRTOS/queue.o
                               0x1260 (size before relaxing)
 .stab          0x00006c00     0x1908 ./FreeRTOS/tasks.o
                               0x1b60 (size before relaxing)
 .stab          0x00008508      0x1c8 ./FreeRTOS/timers.o
                                0x4c8 (size before relaxing)
 .stab          0x000086d0       0xd8 ./APP/DC_motor.o
                                 0xe4 (size before relaxing)
 .stab          0x000087a8      0x3cc ./APP/FreeARTOS_lab.o
                                0x5b8 (size before relaxing)
 .stab          0x00008b74       0xd8 ./APP/Interrupt.o
                                 0xe4 (size before relaxing)
 .stab          0x00008c4c       0xd8 ./APP/KPD_ASS.o
                                 0xe4 (size before relaxing)
 .stab          0x00008d24       0xd8 ./APP/LCD_CHAR.o
                                 0xe4 (size before relaxing)
 .stab          0x00008dfc       0xd8 ./APP/LCD_ICU.o
                                 0xe4 (size before relaxing)
 .stab          0x00008ed4       0xd8 ./APP/SPI.o
                                 0xe4 (size before relaxing)
 .stab          0x00008fac       0xd8 ./APP/TIMERS.o
                                 0xe4 (size before relaxing)
 .stab          0x00009084       0xd8 ./APP/UART_LAD.o
                                 0xe4 (size before relaxing)
 .stab          0x0000915c       0xd8 ./APP/as_dc_EXTI.o
                                 0xe4 (size before relaxing)
 .stab          0x00009234       0xd8 ./APP/buzzer_timer1_adc.o
                                 0xe4 (size before relaxing)
 .stab          0x0000930c       0xd8 ./APP/deep_switch.o
                                 0xe4 (size before relaxing)
 .stab          0x000093e4       0xd8 ./APP/keypad.o
                                 0xe4 (size before relaxing)
 .stab          0x000094bc       0xd8 ./APP/labs.o
                                 0xe4 (size before relaxing)
 .stab          0x00009594       0xd8 ./APP/led_pwm.o
                                 0xe4 (size before relaxing)
 .stab          0x0000966c       0xd8 ./APP/main.o
                                 0xe4 (size before relaxing)
 .stab          0x00009744       0xd8 ./APP/push_bottom.o
                                 0xe4 (size before relaxing)
 .stab          0x0000981c       0xd8 ./APP/servo_pwm.o
                                 0xe4 (size before relaxing)
 .stab          0x000098f4       0xd8 ./APP/sev_seg.o
                                 0xe4 (size before relaxing)
 .stab          0x000099cc       0xd8 ./APP/stepper_motor.o
                                 0xe4 (size before relaxing)
 .stab          0x00009aa4       0xd8 ./APP/temp_read.o
                                 0xe4 (size before relaxing)
 .stab          0x00009b7c       0xd8 ./APP/timer_lab.o
                                 0xe4 (size before relaxing)
 .stab          0x00009c54       0xd8 ./APP/wdt.o
                                 0xe4 (size before relaxing)

.stabstr        0x00000000     0x435b
 *(.stabstr)
 .stabstr       0x00000000     0x435b ./RTOS/RTOS_prg.o

.stab.excl
 *(.stab.excl)

.stab.exclstr
 *(.stab.exclstr)

.stab.index
 *(.stab.index)

.stab.indexstr
 *(.stab.indexstr)

.comment
 *(.comment)

.debug
 *(.debug)

.line
 *(.line)

.debug_srcinfo
 *(.debug_srcinfo)

.debug_sfnames
 *(.debug_sfnames)

.debug_aranges  0x00000000      0x140
 *(.debug_aranges)
 .debug_aranges
                0x00000000       0x20 c:/users/loq/desktop/iti/imt_sdk_win_64/imt_sdk_win_64/winavr/bin/../lib/gcc/avr/4.3.3/avr5\libgcc.a(_fixunssfsi.o)
 .debug_aranges
                0x00000020       0x20 c:/users/loq/desktop/iti/imt_sdk_win_64/imt_sdk_win_64/winavr/bin/../lib/gcc/avr/4.3.3/avr5\libgcc.a(_addsub_sf.o)
 .debug_aranges
                0x00000040       0x20 c:/users/loq/desktop/iti/imt_sdk_win_64/imt_sdk_win_64/winavr/bin/../lib/gcc/avr/4.3.3/avr5\libgcc.a(_mul_sf.o)
 .debug_aranges
                0x00000060       0x20 c:/users/loq/desktop/iti/imt_sdk_win_64/imt_sdk_win_64/winavr/bin/../lib/gcc/avr/4.3.3/avr5\libgcc.a(_gt_sf.o)
 .debug_aranges
                0x00000080       0x20 c:/users/loq/desktop/iti/imt_sdk_win_64/imt_sdk_win_64/winavr/bin/../lib/gcc/avr/4.3.3/avr5\libgcc.a(_ge_sf.o)
 .debug_aranges
                0x000000a0       0x20 c:/users/loq/desktop/iti/imt_sdk_win_64/imt_sdk_win_64/winavr/bin/../lib/gcc/avr/4.3.3/avr5\libgcc.a(_lt_sf.o)
 .debug_aranges
                0x000000c0       0x20 c:/users/loq/desktop/iti/imt_sdk_win_64/imt_sdk_win_64/winavr/bin/../lib/gcc/avr/4.3.3/avr5\libgcc.a(_sf_to_si.o)
 .debug_aranges
                0x000000e0       0x20 c:/users/loq/desktop/iti/imt_sdk_win_64/imt_sdk_win_64/winavr/bin/../lib/gcc/avr/4.3.3/avr5\libgcc.a(_pack_sf.o)
 .debug_aranges
                0x00000100       0x20 c:/users/loq/desktop/iti/imt_sdk_win_64/imt_sdk_win_64/winavr/bin/../lib/gcc/avr/4.3.3/avr5\libgcc.a(_unpack_sf.o)
 .debug_aranges
                0x00000120       0x20 c:/users/loq/desktop/iti/imt_sdk_win_64/imt_sdk_win_64/winavr/bin/../lib/gcc/avr/4.3.3/avr5\libgcc.a(_fpcmp_parts_sf.o)

.debug_pubnames
                0x00000000      0x170
 *(.debug_pubnames)
 .debug_pubnames
                0x00000000       0x23 c:/users/loq/desktop/iti/imt_sdk_win_64/imt_sdk_win_64/winavr/bin/../lib/gcc/avr/4.3.3/avr5\libgcc.a(_fixunssfsi.o)
 .debug_pubnames
                0x00000023       0x2c c:/users/loq/desktop/iti/imt_sdk_win_64/imt_sdk_win_64/winavr/bin/../lib/gcc/avr/4.3.3/avr5\libgcc.a(_addsub_sf.o)
 .debug_pubnames
                0x0000004f       0x1f c:/users/loq/desktop/iti/imt_sdk_win_64/imt_sdk_win_64/winavr/bin/../lib/gcc/avr/4.3.3/avr5\libgcc.a(_mul_sf.o)
 .debug_pubnames
                0x0000006e       0x1e c:/users/loq/desktop/iti/imt_sdk_win_64/imt_sdk_win_64/winavr/bin/../lib/gcc/avr/4.3.3/avr5\libgcc.a(_gt_sf.o)
 .debug_pubnames
                0x0000008c       0x1e c:/users/loq/desktop/iti/imt_sdk_win_64/imt_sdk_win_64/winavr/bin/../lib/gcc/avr/4.3.3/avr5\libgcc.a(_ge_sf.o)
 .debug_pubnames
                0x000000aa       0x1e c:/users/loq/desktop/iti/imt_sdk_win_64/imt_sdk_win_64/winavr/bin/../lib/gcc/avr/4.3.3/avr5\libgcc.a(_lt_sf.o)
 .debug_pubnames
                0x000000c8       0x20 c:/users/loq/desktop/iti/imt_sdk_win_64/imt_sdk_win_64/winavr/bin/../lib/gcc/avr/4.3.3/avr5\libgcc.a(_sf_to_si.o)
 .debug_pubnames
                0x000000e8       0x22 c:/users/loq/desktop/iti/imt_sdk_win_64/imt_sdk_win_64/winavr/bin/../lib/gcc/avr/4.3.3/avr5\libgcc.a(_thenan_sf.o)
 .debug_pubnames
                0x0000010a       0x1f c:/users/loq/desktop/iti/imt_sdk_win_64/imt_sdk_win_64/winavr/bin/../lib/gcc/avr/4.3.3/avr5\libgcc.a(_pack_sf.o)
 .debug_pubnames
                0x00000129       0x21 c:/users/loq/desktop/iti/imt_sdk_win_64/imt_sdk_win_64/winavr/bin/../lib/gcc/avr/4.3.3/avr5\libgcc.a(_unpack_sf.o)
 .debug_pubnames
                0x0000014a       0x26 c:/users/loq/desktop/iti/imt_sdk_win_64/imt_sdk_win_64/winavr/bin/../lib/gcc/avr/4.3.3/avr5\libgcc.a(_fpcmp_parts_sf.o)

.debug_info     0x00000000     0x1c49
 *(.debug_info)
 .debug_info    0x00000000       0xb1 c:/users/loq/desktop/iti/imt_sdk_win_64/imt_sdk_win_64/winavr/bin/../lib/gcc/avr/4.3.3/avr5\libgcc.a(_fixunssfsi.o)
 .debug_info    0x000000b1      0x47a c:/users/loq/desktop/iti/imt_sdk_win_64/imt_sdk_win_64/winavr/bin/../lib/gcc/avr/4.3.3/avr5\libgcc.a(_addsub_sf.o)
 .debug_info    0x0000052b      0x485 c:/users/loq/desktop/iti/imt_sdk_win_64/imt_sdk_win_64/winavr/bin/../lib/gcc/avr/4.3.3/avr5\libgcc.a(_mul_sf.o)
 .debug_info    0x000009b0      0x27f c:/users/loq/desktop/iti/imt_sdk_win_64/imt_sdk_win_64/winavr/bin/../lib/gcc/avr/4.3.3/avr5\libgcc.a(_gt_sf.o)
 .debug_info    0x00000c2f      0x27f c:/users/loq/desktop/iti/imt_sdk_win_64/imt_sdk_win_64/winavr/bin/../lib/gcc/avr/4.3.3/avr5\libgcc.a(_ge_sf.o)
 .debug_info    0x00000eae      0x27f c:/users/loq/desktop/iti/imt_sdk_win_64/imt_sdk_win_64/winavr/bin/../lib/gcc/avr/4.3.3/avr5\libgcc.a(_lt_sf.o)
 .debug_info    0x0000112d      0x2b0 c:/users/loq/desktop/iti/imt_sdk_win_64/imt_sdk_win_64/winavr/bin/../lib/gcc/avr/4.3.3/avr5\libgcc.a(_sf_to_si.o)
 .debug_info    0x000013dd      0x12c c:/users/loq/desktop/iti/imt_sdk_win_64/imt_sdk_win_64/winavr/bin/../lib/gcc/avr/4.3.3/avr5\libgcc.a(_thenan_sf.o)
 .debug_info    0x00001509      0x2df c:/users/loq/desktop/iti/imt_sdk_win_64/imt_sdk_win_64/winavr/bin/../lib/gcc/avr/4.3.3/avr5\libgcc.a(_pack_sf.o)
 .debug_info    0x000017e8      0x251 c:/users/loq/desktop/iti/imt_sdk_win_64/imt_sdk_win_64/winavr/bin/../lib/gcc/avr/4.3.3/avr5\libgcc.a(_unpack_sf.o)
 .debug_info    0x00001a39      0x210 c:/users/loq/desktop/iti/imt_sdk_win_64/imt_sdk_win_64/winavr/bin/../lib/gcc/avr/4.3.3/avr5\libgcc.a(_fpcmp_parts_sf.o)
 *(.gnu.linkonce.wi.*)

.debug_abbrev   0x00000000      0xeeb
 *(.debug_abbrev)
 .debug_abbrev  0x00000000       0x5d c:/users/loq/desktop/iti/imt_sdk_win_64/imt_sdk_win_64/winavr/bin/../lib/gcc/avr/4.3.3/avr5\libgcc.a(_fixunssfsi.o)
 .debug_abbrev  0x0000005d      0x1ea c:/users/loq/desktop/iti/imt_sdk_win_64/imt_sdk_win_64/winavr/bin/../lib/gcc/avr/4.3.3/avr5\libgcc.a(_addsub_sf.o)
 .debug_abbrev  0x00000247      0x21b c:/users/loq/desktop/iti/imt_sdk_win_64/imt_sdk_win_64/winavr/bin/../lib/gcc/avr/4.3.3/avr5\libgcc.a(_mul_sf.o)
 .debug_abbrev  0x00000462      0x15a c:/users/loq/desktop/iti/imt_sdk_win_64/imt_sdk_win_64/winavr/bin/../lib/gcc/avr/4.3.3/avr5\libgcc.a(_gt_sf.o)
 .debug_abbrev  0x000005bc      0x15a c:/users/loq/desktop/iti/imt_sdk_win_64/imt_sdk_win_64/winavr/bin/../lib/gcc/avr/4.3.3/avr5\libgcc.a(_ge_sf.o)
 .debug_abbrev  0x00000716      0x15a c:/users/loq/desktop/iti/imt_sdk_win_64/imt_sdk_win_64/winavr/bin/../lib/gcc/avr/4.3.3/avr5\libgcc.a(_lt_sf.o)
 .debug_abbrev  0x00000870      0x17f c:/users/loq/desktop/iti/imt_sdk_win_64/imt_sdk_win_64/winavr/bin/../lib/gcc/avr/4.3.3/avr5\libgcc.a(_sf_to_si.o)
 .debug_abbrev  0x000009ef       0xad c:/users/loq/desktop/iti/imt_sdk_win_64/imt_sdk_win_64/winavr/bin/../lib/gcc/avr/4.3.3/avr5\libgcc.a(_thenan_sf.o)
 .debug_abbrev  0x00000a9c      0x1c0 c:/users/loq/desktop/iti/imt_sdk_win_64/imt_sdk_win_64/winavr/bin/../lib/gcc/avr/4.3.3/avr5\libgcc.a(_pack_sf.o)
 .debug_abbrev  0x00000c5c      0x154 c:/users/loq/desktop/iti/imt_sdk_win_64/imt_sdk_win_64/winavr/bin/../lib/gcc/avr/4.3.3/avr5\libgcc.a(_unpack_sf.o)
 .debug_abbrev  0x00000db0      0x13b c:/users/loq/desktop/iti/imt_sdk_win_64/imt_sdk_win_64/winavr/bin/../lib/gcc/avr/4.3.3/avr5\libgcc.a(_fpcmp_parts_sf.o)

.debug_line     0x00000000      0xdad
 *(.debug_line)
 .debug_line    0x00000000       0xa7 c:/users/loq/desktop/iti/imt_sdk_win_64/imt_sdk_win_64/winavr/bin/../lib/gcc/avr/4.3.3/avr5\libgcc.a(_fixunssfsi.o)
 .debug_line    0x000000a7      0x2af c:/users/loq/desktop/iti/imt_sdk_win_64/imt_sdk_win_64/winavr/bin/../lib/gcc/avr/4.3.3/avr5\libgcc.a(_addsub_sf.o)
 .debug_line    0x00000356      0x239 c:/users/loq/desktop/iti/imt_sdk_win_64/imt_sdk_win_64/winavr/bin/../lib/gcc/avr/4.3.3/avr5\libgcc.a(_mul_sf.o)
 .debug_line    0x0000058f       0xd3 c:/users/loq/desktop/iti/imt_sdk_win_64/imt_sdk_win_64/winavr/bin/../lib/gcc/avr/4.3.3/avr5\libgcc.a(_gt_sf.o)
 .debug_line    0x00000662       0xd3 c:/users/loq/desktop/iti/imt_sdk_win_64/imt_sdk_win_64/winavr/bin/../lib/gcc/avr/4.3.3/avr5\libgcc.a(_ge_sf.o)
 .debug_line    0x00000735       0xd3 c:/users/loq/desktop/iti/imt_sdk_win_64/imt_sdk_win_64/winavr/bin/../lib/gcc/avr/4.3.3/avr5\libgcc.a(_lt_sf.o)
 .debug_line    0x00000808      0x109 c:/users/loq/desktop/iti/imt_sdk_win_64/imt_sdk_win_64/winavr/bin/../lib/gcc/avr/4.3.3/avr5\libgcc.a(_sf_to_si.o)
 .debug_line    0x00000911       0x90 c:/users/loq/desktop/iti/imt_sdk_win_64/imt_sdk_win_64/winavr/bin/../lib/gcc/avr/4.3.3/avr5\libgcc.a(_thenan_sf.o)
 .debug_line    0x000009a1      0x18a c:/users/loq/desktop/iti/imt_sdk_win_64/imt_sdk_win_64/winavr/bin/../lib/gcc/avr/4.3.3/avr5\libgcc.a(_pack_sf.o)
 .debug_line    0x00000b2b      0x14b c:/users/loq/desktop/iti/imt_sdk_win_64/imt_sdk_win_64/winavr/bin/../lib/gcc/avr/4.3.3/avr5\libgcc.a(_unpack_sf.o)
 .debug_line    0x00000c76      0x137 c:/users/loq/desktop/iti/imt_sdk_win_64/imt_sdk_win_64/winavr/bin/../lib/gcc/avr/4.3.3/avr5\libgcc.a(_fpcmp_parts_sf.o)

.debug_frame    0x00000000      0x160
 *(.debug_frame)
 .debug_frame   0x00000000       0x20 c:/users/loq/desktop/iti/imt_sdk_win_64/imt_sdk_win_64/winavr/bin/../lib/gcc/avr/4.3.3/avr5\libgcc.a(_fixunssfsi.o)
 .debug_frame   0x00000020       0x40 c:/users/loq/desktop/iti/imt_sdk_win_64/imt_sdk_win_64/winavr/bin/../lib/gcc/avr/4.3.3/avr5\libgcc.a(_addsub_sf.o)
 .debug_frame   0x00000060       0x20 c:/users/loq/desktop/iti/imt_sdk_win_64/imt_sdk_win_64/winavr/bin/../lib/gcc/avr/4.3.3/avr5\libgcc.a(_mul_sf.o)
 .debug_frame   0x00000080       0x20 c:/users/loq/desktop/iti/imt_sdk_win_64/imt_sdk_win_64/winavr/bin/../lib/gcc/avr/4.3.3/avr5\libgcc.a(_gt_sf.o)
 .debug_frame   0x000000a0       0x20 c:/users/loq/desktop/iti/imt_sdk_win_64/imt_sdk_win_64/winavr/bin/../lib/gcc/avr/4.3.3/avr5\libgcc.a(_ge_sf.o)
 .debug_frame   0x000000c0       0x20 c:/users/loq/desktop/iti/imt_sdk_win_64/imt_sdk_win_64/winavr/bin/../lib/gcc/avr/4.3.3/avr5\libgcc.a(_lt_sf.o)
 .debug_frame   0x000000e0       0x20 c:/users/loq/desktop/iti/imt_sdk_win_64/imt_sdk_win_64/winavr/bin/../lib/gcc/avr/4.3.3/avr5\libgcc.a(_sf_to_si.o)
 .debug_frame   0x00000100       0x20 c:/users/loq/desktop/iti/imt_sdk_win_64/imt_sdk_win_64/winavr/bin/../lib/gcc/avr/4.3.3/avr5\libgcc.a(_pack_sf.o)
 .debug_frame   0x00000120       0x20 c:/users/loq/desktop/iti/imt_sdk_win_64/imt_sdk_win_64/winavr/bin/../lib/gcc/avr/4.3.3/avr5\libgcc.a(_unpack_sf.o)
 .debug_frame   0x00000140       0x20 c:/users/loq/desktop/iti/imt_sdk_win_64/imt_sdk_win_64/winavr/bin/../lib/gcc/avr/4.3.3/avr5\libgcc.a(_fpcmp_parts_sf.o)

.debug_str      0x00000000      0x28d
 *(.debug_str)
 .debug_str     0x00000000       0xbf c:/users/loq/desktop/iti/imt_sdk_win_64/imt_sdk_win_64/winavr/bin/../lib/gcc/avr/4.3.3/avr5\libgcc.a(_fixunssfsi.o)
                                 0xfe (size before relaxing)
 .debug_str     0x000000bf      0x14d c:/users/loq/desktop/iti/imt_sdk_win_64/imt_sdk_win_64/winavr/bin/../lib/gcc/avr/4.3.3/avr5\libgcc.a(_addsub_sf.o)
                                0x206 (size before relaxing)
 .debug_str     0x0000020c       0x27 c:/users/loq/desktop/iti/imt_sdk_win_64/imt_sdk_win_64/winavr/bin/../lib/gcc/avr/4.3.3/avr5\libgcc.a(_mul_sf.o)
                                0x1bf (size before relaxing)
 .debug_str     0x00000233        0xf c:/users/loq/desktop/iti/imt_sdk_win_64/imt_sdk_win_64/winavr/bin/../lib/gcc/avr/4.3.3/avr5\libgcc.a(_gt_sf.o)
                                0x195 (size before relaxing)
 .debug_str     0x00000242        0x8 c:/users/loq/desktop/iti/imt_sdk_win_64/imt_sdk_win_64/winavr/bin/../lib/gcc/avr/4.3.3/avr5\libgcc.a(_ge_sf.o)
                                0x195 (size before relaxing)
 .debug_str     0x0000024a        0x8 c:/users/loq/desktop/iti/imt_sdk_win_64/imt_sdk_win_64/winavr/bin/../lib/gcc/avr/4.3.3/avr5\libgcc.a(_lt_sf.o)
                                0x195 (size before relaxing)
 .debug_str     0x00000252        0xa c:/users/loq/desktop/iti/imt_sdk_win_64/imt_sdk_win_64/winavr/bin/../lib/gcc/avr/4.3.3/avr5\libgcc.a(_sf_to_si.o)
                                0x19e (size before relaxing)
 .debug_str     0x00000000      0x103 c:/users/loq/desktop/iti/imt_sdk_win_64/imt_sdk_win_64/winavr/bin/../lib/gcc/avr/4.3.3/avr5\libgcc.a(_thenan_sf.o)
 .debug_str     0x0000025c       0x16 c:/users/loq/desktop/iti/imt_sdk_win_64/imt_sdk_win_64/winavr/bin/../lib/gcc/avr/4.3.3/avr5\libgcc.a(_pack_sf.o)
                                0x19d (size before relaxing)
 .debug_str     0x00000272        0xb c:/users/loq/desktop/iti/imt_sdk_win_64/imt_sdk_win_64/winavr/bin/../lib/gcc/avr/4.3.3/avr5\libgcc.a(_unpack_sf.o)
                                0x17f (size before relaxing)
 .debug_str     0x0000027d       0x10 c:/users/loq/desktop/iti/imt_sdk_win_64/imt_sdk_win_64/winavr/bin/../lib/gcc/avr/4.3.3/avr5\libgcc.a(_fpcmp_parts_sf.o)
                                0x163 (size before relaxing)

.debug_loc      0x00000000      0x7ce
 *(.debug_loc)
 .debug_loc     0x00000000       0x34 c:/users/loq/desktop/iti/imt_sdk_win_64/imt_sdk_win_64/winavr/bin/../lib/gcc/avr/4.3.3/avr5\libgcc.a(_fixunssfsi.o)
 .debug_loc     0x00000034      0x32a c:/users/loq/desktop/iti/imt_sdk_win_64/imt_sdk_win_64/winavr/bin/../lib/gcc/avr/4.3.3/avr5\libgcc.a(_addsub_sf.o)
 .debug_loc     0x0000035e      0x104 c:/users/loq/desktop/iti/imt_sdk_win_64/imt_sdk_win_64/winavr/bin/../lib/gcc/avr/4.3.3/avr5\libgcc.a(_mul_sf.o)
 .debug_loc     0x00000462       0x3c c:/users/loq/desktop/iti/imt_sdk_win_64/imt_sdk_win_64/winavr/bin/../lib/gcc/avr/4.3.3/avr5\libgcc.a(_gt_sf.o)
 .debug_loc     0x0000049e       0x3c c:/users/loq/desktop/iti/imt_sdk_win_64/imt_sdk_win_64/winavr/bin/../lib/gcc/avr/4.3.3/avr5\libgcc.a(_ge_sf.o)
 .debug_loc     0x000004da       0x3c c:/users/loq/desktop/iti/imt_sdk_win_64/imt_sdk_win_64/winavr/bin/../lib/gcc/avr/4.3.3/avr5\libgcc.a(_lt_sf.o)
 .debug_loc     0x00000516       0x7e c:/users/loq/desktop/iti/imt_sdk_win_64/imt_sdk_win_64/winavr/bin/../lib/gcc/avr/4.3.3/avr5\libgcc.a(_sf_to_si.o)
 .debug_loc     0x00000594      0x13e c:/users/loq/desktop/iti/imt_sdk_win_64/imt_sdk_win_64/winavr/bin/../lib/gcc/avr/4.3.3/avr5\libgcc.a(_pack_sf.o)
 .debug_loc     0x000006d2       0xac c:/users/loq/desktop/iti/imt_sdk_win_64/imt_sdk_win_64/winavr/bin/../lib/gcc/avr/4.3.3/avr5\libgcc.a(_unpack_sf.o)
 .debug_loc     0x0000077e       0x50 c:/users/loq/desktop/iti/imt_sdk_win_64/imt_sdk_win_64/winavr/bin/../lib/gcc/avr/4.3.3/avr5\libgcc.a(_fpcmp_parts_sf.o)

.debug_macinfo
 *(.debug_macinfo)
OUTPUT(Drivers.elf elf32-avr)
LOAD linker stubs

.debug_ranges   0x00000000       0x50
 .debug_ranges  0x00000000       0x50 c:/users/loq/desktop/iti/imt_sdk_win_64/imt_sdk_win_64/winavr/bin/../lib/gcc/avr/4.3.3/avr5\libgcc.a(_mul_sf.o)
